{
  "Data": {},
  "Extensions": {},
  "Errors": [
    {
      "Message": "Expected a `Dollar`-token, but found a `Name`-token.",
      "Code": null,
      "Path": null,
      "Locations": [
        {
          "Line": 1,
          "Column": 16
        }
      ],
      "Exception": {
        "Position": 23,
        "Line": 1,
        "Column": 16,
        "SourceText": "query metadata(sensorID:0){metadataID,sensorID,name,serialNumber,number,department,locationID,company,purchaseDate,lending,lendingPrice,cableLength,checkOnInspectionRound,company,voltage}",
        "StackTrace": "   at HotChocolate.Language.Utf8GraphQLParser.ParseDefinition()\n   at HotChocolate.Language.Utf8GraphQLParser.Parse()\n   at HotChocolate.Execution.DefaultQueryParser.Parse(ReadOnlySpan`1 source)\n   at HotChocolate.Execution.ParseQueryMiddleware.ParseDocument(IQuery query)\n   at HotChocolate.Execution.ParseQueryMiddleware.<>c__DisplayClass6_0.<InvokeAsync>b__0()\n   at HotChocolate.Utilities.Cache`1.GetOrCreate(String key, Func`1 create)\n   at HotChocolate.Execution.ParseQueryMiddleware.InvokeAsync(IQueryContext context)\n   at HotChocolate.Execution.ExceptionMiddleware.InvokeAsync(IQueryContext context)",
        "Message": "Expected a `Dollar`-token, but found a `Name`-token.",
        "Data": {},
        "InnerException": null,
        "HelpLink": null,
        "Source": "HotChocolate.Language",
        "HResult": -2146233088
      },
      "Extensions": {}
    }
  ],
  "ContextData": {}
}
