{
  "Data": {
    "lastMetadata": [
      {
        "metadataID": 2,
        "sensorID": 1,
        "locationID": 2,
        "name": "something",
        "serialNumber": null,
        "number": "65465465465",
        "modelNumber": null,
        "department": null,
        "company": "jgfkhgjffkjh\n",
        "ownerID": null,
        "purchaseDate": null,
        "lending": null,
        "lendingPrice": null,
        "cableLength": null,
        "checkOnInspectionRound": null,
        "inspectionRound": null,
        "servicePartner": null,
        "voltage": null,
        "coordinate": "55°24'12.2″N 2°10'26.5″E",
        "altitude": 500,
        "locationDescription": "nowimhere",
        "identificator": null,
        "measureArea": null,
        "picture": null,
        "plannedDisposal": null,
        "actualDisposal": null,
        "warrantyDate": null,
        "signal": "jhgjh",
        "tag1": null,
        "tag2": null,
        "tag3": null,
        "timeless": null,
        "tollerance": null,
        "createdAt": "2020-10-09T13:54:26.000+02:00",
        "updatedAt": "2020-10-13T17:10:15.000+02:00",
        "outdatedFrom": "2020-10-13T17:10:15.000+02:00"
      }
    ]
  },
  "Extensions": {},
  "Errors": [],
  "ContextData": {}
}
