{
  "Data": {
    "timeSeries": {
      "table": "tension",
      "startDate": "2020-10-01T11:33:05.084+02:00",
      "endDate": "2020-10-01T11:33:05.084+02:00",
      "time": [
        "2020-08-25T23:59:59.828+02:00",
        "2020-08-25T23:59:59.578+02:00",
        "2020-08-25T23:59:59.328+02:00",
        "2020-08-25T23:59:59.078+02:00",
        "2020-08-25T23:59:58.828+02:00",
        "2020-08-25T23:59:58.578+02:00",
        "2020-08-25T23:59:58.328+02:00",
        "2020-08-25T23:59:58.078+02:00"
      ],
      "data": [],
      "numberData": [
        {
          "key": "analog_channel_0_rv009_133148",
          "value": [
            0.966184,
            0.964212,
            0.961911,
            0.966184,
            0.961911,
            0.966184,
            0.963883,
            0.966184
          ]
        },
        {
          "key": "analog_channel_1_rv004_99871",
          "value": [
            0.99182,
            0.992806,
            0.97933,
            0.987547,
            0.97933,
            0.984918,
            0.98196,
            0.997078
          ]
        },
        {
          "key": "analog_channel_2_rv011_90471",
          "value": [
            0.967827,
            0.967827,
            0.967498,
            0.967827,
            0.964869,
            0.966841,
            0.965855,
            0.966841
          ]
        },
        {
          "key": "analog_channel_3_rv010_133149",
          "value": [
            0.965526,
            0.962897,
            0.964212,
            0.966184,
            0.959282,
            0.963554,
            0.961254,
            0.961911
          ]
        },
        {
          "key": "analog_channel_4_rv005_99875",
          "value": [
            0.977358,
            0.970785,
            0.969142,
            0.96717,
            0.968156,
            0.965855,
            0.973743,
            0.971442
          ]
        },
        {
          "key": "analog_channel_5_rv008_133147",
          "value": [
            -0.000423,
            -0.001081,
            -0.000752,
            -0.000752,
            -0.000752,
            -0.000752,
            -0.001081,
            -0.000423
          ]
        },
        {
          "key": "analog_channel_6",
          "value": [
            -0.000423,
            -0.000423,
            -0.000752,
            -0.000423,
            -0.001081,
            -0.000752,
            -0.000423,
            -0.001081
          ]
        },
        {
          "key": "analog_channel_7",
          "value": [
            -0.000752,
            -0.001081,
            -0.000752,
            -0.000423,
            -0.000752,
            -0.001081,
            -0.000752,
            -0.000423
          ]
        }
      ]
    }
  },
  "Extensions": {},
  "Errors": [],
  "ContextData": {}
}
