{
  "Data": {
    "timeSeries": {
      "table": "tension",
      "startDate": "2020-08-25T21:59:58.078Z",
      "endDate": "2020-08-25T21:59:59.828Z",
      "time": [
        "2020-08-25T21:59:58.078Z",
        "2020-08-25T21:59:58.328Z",
        "2020-08-25T21:59:58.578Z",
        "2020-08-25T21:59:58.828Z",
        "2020-08-25T21:59:59.078Z",
        "2020-08-25T21:59:59.328Z",
        "2020-08-25T21:59:59.578Z",
        "2020-08-25T21:59:59.828Z"
      ],
      "data": [
        {
          "key": "sensorid",
          "value": [
            "2",
            "2",
            "2",
            "2",
            "2",
            "2",
            "2",
            "2"
          ]
        }
      ],
      "numberData": [
        {
          "key": "analogchannel0rv009_133148",
          "value": [
            0.966184,
            0.963883,
            0.966184,
            0.961911,
            0.966184,
            0.961911,
            0.964212,
            0.966184
          ]
        },
        {
          "key": "analogchannel1rv004_99871",
          "value": [
            0.997078,
            0.981960,
            0.984918,
            0.979330,
            0.987547,
            0.979330,
            0.992806,
            0.991820
          ]
        },
        {
          "key": "analogchannel2rv011_90471",
          "value": [
            0.966841,
            0.965855,
            0.966841,
            0.964869,
            0.967827,
            0.967498,
            0.967827,
            0.967827
          ]
        },
        {
          "key": "analogchannel3rv010_133149",
          "value": [
            0.961911,
            0.961254,
            0.963554,
            0.959282,
            0.966184,
            0.964212,
            0.962897,
            0.965526
          ]
        },
        {
          "key": "analogchannel4rv005_99875",
          "value": [
            0.971442,
            0.973743,
            0.965855,
            0.968156,
            0.967170,
            0.969142,
            0.970785,
            0.977358
          ]
        },
        {
          "key": "analogchannel5rv008_133147",
          "value": [
            -0.000423,
            -0.001081,
            -0.000752,
            -0.000752,
            -0.000752,
            -0.000752,
            -0.001081,
            -0.000423
          ]
        },
        {
          "key": "analogchannel6",
          "value": [
            -0.001081,
            -0.000423,
            -0.000752,
            -0.001081,
            -0.000423,
            -0.000752,
            -0.000423,
            -0.000423
          ]
        },
        {
          "key": "analogchannel7",
          "value": [
            -0.001081,
            -0.001081,
            -0.001081,
            -0.001081,
            -0.001081,
            -0.001081,
            -0.001081,
            -0.001081
          ]
        }
      ]
    }
  },
  "Extensions": {},
  "Errors": [],
  "ContextData": {}
}
